// Jest Snapshot v1, https://goo.gl/fbAQLP

exports[`Constants File should match with the url of the snapshot 1`] = `"https://tm-kitchen-api-alpha.herokuapp.com/videos?api_key=homework&auth_token=1&limit=10&workflow_status=ready"`;
